// Vitest Snapshot v1, https://vitest.dev/guide/snapshot.html

exports[`composables/useRenderStats > should render stats: 0 1`] = `"          "`;

exports[`composables/useRenderStats > should render stats: 0 2`] = `"█████     "`;

exports[`composables/useRenderStats > should render stats: 0 3`] = `"█████     "`;

exports[`composables/useRenderStats > should render stats: 1 1`] = `"██████████"`;

exports[`composables/useRenderStats > should render stats: 1 2`] = `"███████████████"`;

exports[`composables/useRenderStats > should render stats: 1 3`] = `"███████████████"`;

exports[`composables/useRenderStats > should render stats: 2 1`] = `"                    "`;

exports[`composables/useRenderStats > should render stats: 2 2`] = `"███       "`;

exports[`composables/useRenderStats > should render stats: 2 3`] = `"███       "`;
